// Jest Snapshot v1, https://goo.gl/fbAQLP

exports[`the landing page info snapshot the components 1`] = `
<div
  className="MuiBox-root MuiBox-root-93"
>
  <div
    className="MuiContainer-root MuiContainer-maxWidthLg"
  >
    <div
      className="MuiBox-root MuiBox-root-94 makeStyles-root-2"
    >
      <div
        className="MuiBox-root MuiBox-root-95 makeStyles-mainContainer-3"
      >
        <div
          className="MuiCardHeader-root"
        >
          <div
            className="MuiCardHeader-avatar"
          >
            <div
              className="MuiBox-root MuiBox-root-96"
            >
              <div
                className="MuiBox-root MuiBox-root-97"
              >
                <p
                  className="MuiTypography-root MuiTypography-body1"
                  id="sudo"
                  style={
                    Object {
                      "fontSize": "1.3rem",
                    }
                  }
                >
                  Sudomega Interactive Sudoku
                </p>
                <br />
                <p
                  className="MuiTypography-root makeStyles-subheader-4 MuiTypography-body1"
                  id="upload"
                >
                  Learn how to play, upload your own sudoku
                  <br />
                  games, and compete with friends :)
                </p>
              </div>
            </div>
          </div>
          <div
            className="MuiCardHeader-content"
          />
        </div>
        <div
          className="MuiCardHeader-root"
        >
          <div
            className="MuiCardHeader-content"
          />
          <div
            className="MuiCardHeader-action"
          >
            <div
              className="MuiBox-root MuiBox-root-98"
            >
              <br />
              <br />
              <div
                className="MuiBox-root MuiBox-root-99 makeStyles-space-7"
              >
                <svg
                  aria-hidden={true}
                  className="MuiSvgIcon-root makeStyles-icon-5"
                  focusable="false"
                  viewBox="0 0 24 24"
                >
                  <path
                    d="M12 2l-5.5 9h11z"
                  />
                  <circle
                    cx="17.5"
                    cy="17.5"
                    r="4.5"
                  />
                  <path
                    d="M3 13.5h8v8H3z"
                  />
                </svg>
                <svg
                  aria-hidden={true}
                  className="MuiSvgIcon-root makeStyles-icon-5"
                  focusable="false"
                  viewBox="0 0 24 24"
                >
                  <path
                    d="M4 8h4V4H4v4zm6 12h4v-4h-4v4zm-6 0h4v-4H4v4zm0-6h4v-4H4v4zm6 0h4v-4h-4v4zm6-10v4h4V4h-4zm-6 4h4V4h-4v4zm6 6h4v-4h-4v4zm0 6h4v-4h-4v4z"
                  />
                </svg>
                <svg
                  aria-hidden={true}
                  className="MuiSvgIcon-root makeStyles-icon-5"
                  focusable="false"
                  viewBox="0 0 24 24"
                >
                  <path
                    d="M19 9h-4V3H9v6H5l7 7 7-7zM5 18v2h14v-2H5z"
                  />
                </svg>
              </div>
              <br />
              <br />
            </div>
          </div>
        </div>
        <div
          className="MuiCardHeader-root"
        >
          <div
            className="MuiCardHeader-content"
          />
          <div
            className="MuiCardHeader-action"
          >
            <div
              className="MuiBox-root MuiBox-root-100"
            >
              <a
                aria-disabled={false}
                className="MuiButtonBase-root MuiButton-root WithStyles(ForwardRef(Button))-root-15 MuiButton-text href MuiButton-textSizeLarge MuiButton-sizeLarge"
                href="/tutorial"
                onBlur={[Function]}
                onDragLeave={[Function]}
                onFocus={[Function]}
                onKeyDown={[Function]}
                onKeyUp={[Function]}
                onMouseDown={[Function]}
                onMouseLeave={[Function]}
                onMouseUp={[Function]}
                onTouchEnd={[Function]}
                onTouchMove={[Function]}
                onTouchStart={[Function]}
                tabIndex={0}
              >
                <span
                  className="MuiButton-label"
                >
                  <p
                    className="MuiTypography-root title MuiTypography-body2"
                  >
                    Get Started; learn the game play
                  </p>
                </span>
                <span
                  className="MuiTouchRipple-root"
                />
              </a>
              <br />
              <br />
              <span
                className="MuiTypography-root MuiTypography-caption"
              >
                No signup required
              </span>
            </div>
          </div>
        </div>
        <div
          className="MuiCardHeader-root"
        >
          <div
            className="MuiCardHeader-content"
          />
          <div
            className="MuiCardHeader-action"
          >
            <div
              className="MuiBox-root MuiBox-root-101 makeStyles-gameBoard-6"
            >
              <div
                className="makeStyles-root-17"
              >
                <div>
                  <div
                    className="makeStyles-board-18"
                  />
                </div>
              </div>
            </div>
          </div>
        </div>
      </div>
    </div>
    <div
      className="MuiBox-root MuiBox-root-102 makeStyles-root-20"
    >
      <div
        className="MuiBox-root MuiBox-root-103 makeStyles-mainContainer-21"
      >
        <div
          className="MuiCardHeader-root"
        >
          <div
            className="MuiCardHeader-avatar"
          >
            <div
              className="MuiBox-root MuiBox-root-104"
            >
              <div
                className="MuiBox-root MuiBox-root-105"
                style={
                  Object {
                    "textAlign": "center",
                  }
                }
              >
                <p
                  className="MuiTypography-root MuiTypography-body1"
                  id="learn"
                  style={
                    Object {
                      "fontSize": "1.3rem",
                    }
                  }
                >
                  Learn The Game Play
                </p>
                <br />
                <p
                  className="MuiTypography-root makeStyles-subheader-22 MuiTypography-body1"
                  id="start"
                >
                  Start off with something easy
                  <br />
                  then kick it up a notch
                </p>
                <br />
                <br />
                <br />
                <br />
              </div>
            </div>
          </div>
          <div
            className="MuiCardHeader-content"
          />
        </div>
        <div
          className="MuiCardHeader-root"
        >
          <div
            className="MuiCardHeader-avatar"
          >
            <div
              className="MuiBox-root MuiBox-root-106 makeStyles-Simulation-23"
            >
              <div
                className="MuiBox-root MuiBox-root-107 makeStyles-root-29"
              >
                <div
                  className="MuiBox-root MuiBox-root-108 makeStyles-mainContainer-30"
                >
                  <div
                    className="MuiBox-root MuiBox-root-109"
                    style={
                      Object {
                        "textAlign": "center",
                      }
                    }
                  >
                    <p
                      className="MuiTypography-root MuiTypography-body1"
                      id="solve"
                      style={
                        Object {
                          "fontSize": "1.3rem",
                        }
                      }
                    >
                      Try to solve this 4x4 sudoku:
                    </p>
                    <br />
                    <p
                      className="MuiTypography-root makeStyles-subheader-31 MuiTypography-body1"
                      id="row"
                    >
                      Each row, column and square needs to be filled
                      <br />
                      out with the numbers 1-4, without repeating any
                      <br />
                      numbers within the row, column or square.
                    </p>
                    <br />
                    <div
                      className="MuiBox-root MuiBox-root-110"
                    >
                      <img
                        alt="Game4x4"
                        src="Game4x4.png"
                        width="300"
                      />
                    </div>
                  </div>
                </div>
              </div>
              <br />
              <div
                className="MuiBox-root MuiBox-root-111 makeStyles-root-40"
              >
                <div
                  className="MuiBox-root MuiBox-root-112 makeStyles-mainContainer-41"
                >
                  <div
                    className="MuiBox-root MuiBox-root-113"
                    style={
                      Object {
                        "textAlign": "center",
                      }
                    }
                  >
                    <p
                      className="MuiTypography-root MuiTypography-body1"
                      id="solve"
                      style={
                        Object {
                          "fontSize": "1.3rem",
                        }
                      }
                    >
                      Try to solve this 6x6 sudoku:
                    </p>
                    <br />
                    <p
                      className="MuiTypography-root makeStyles-subheader-42 MuiTypography-body1"
                      id="row"
                    >
                      Each row, column and square needs to be filled
                      <br />
                      out with the numbers 1-6, without repeating any
                      <br />
                      numbers within the row, column or square.
                    </p>
                    <br />
                    <div
                      className="MuiBox-root MuiBox-root-114"
                    >
                      <img
                        alt="Game6x6"
                        src="Game6x6.png"
                        width="300"
                      />
                    </div>
                  </div>
                </div>
              </div>
            </div>
          </div>
          <div
            className="MuiCardHeader-content"
          />
        </div>
      </div>
    </div>
  </div>
  <div
    className="MuiBox-root MuiBox-root-115 makeStyles-root-51"
  >
    <div
      className="MuiBox-root MuiBox-root-116 makeStyles-mainContainer-52"
    >
      <div
        className="MuiCardHeader-root"
      >
        <div
          className="MuiCardHeader-avatar"
        >
          <div
            className="MuiBox-root MuiBox-root-117"
          >
            <div
              className="MuiBox-root MuiBox-root-118"
              style={
                Object {
                  "textAlign": "center",
                }
              }
            >
              <p
                className="MuiTypography-root MuiTypography-body1"
                id="improve1"
                style={
                  Object {
                    "fontSize": "1.3rem",
                  }
                }
              >
                Improve Your Skills
                <br />
                By Understanding Game Strategies
              </p>
              <br />
              <p
                className="MuiTypography-root makeStyles-subheader-53 MuiTypography-body1"
                id="improve2"
              >
                Learn to recognize key patterns and methods
                <br />
                to improve your speed and skill level
              </p>
              <br />
              <br />
              <br />
              <br />
            </div>
          </div>
        </div>
        <div
          className="MuiCardHeader-content"
        />
      </div>
      <div
        className="MuiCardHeader-root"
      >
        <div
          className="MuiCardHeader-content"
        />
        <div
          className="MuiCardHeader-action"
        >
          <div
            className="MuiBox-root MuiBox-root-119"
          >
            <a
              aria-disabled={false}
              className="MuiButtonBase-root MuiButton-root WithStyles(ForwardRef(Button))-root-15 MuiButton-text href MuiButton-textSizeLarge MuiButton-sizeLarge"
              href="/tutorial"
              onBlur={[Function]}
              onDragLeave={[Function]}
              onFocus={[Function]}
              onKeyDown={[Function]}
              onKeyUp={[Function]}
              onMouseDown={[Function]}
              onMouseLeave={[Function]}
              onMouseUp={[Function]}
              onTouchEnd={[Function]}
              onTouchMove={[Function]}
              onTouchStart={[Function]}
              tabIndex={0}
            >
              <span
                className="MuiButton-label"
              >
                <p
                  className="MuiTypography-root title MuiTypography-body2"
                >
                  Get Started Today
                </p>
              </span>
              <span
                className="MuiTouchRipple-root"
              />
            </a>
          </div>
        </div>
      </div>
      <div
        className="MuiCardHeader-root"
      >
        <div
          className="MuiCardHeader-content"
        />
        <div
          className="MuiCardHeader-action"
        >
          <div
            className="MuiBox-root MuiBox-root-120 makeStyles-gameBoard-55"
          >
            <div
              className="MuiBox-root MuiBox-root-121 makeStyles-img-54"
            />
          </div>
        </div>
      </div>
    </div>
  </div>
</div>
`;
